Defined in [WILDCARD]/type_definitions/foo.d.ts:2:13

const foo: string
  An exported value.

